SELECT * FROM hive_test_table;
 id |   name    | description 
----+-----------+-------------
 1  | test_user | A test user
(1 row)

SELECT * FROM query_hive_test_table;
 EXPR_1 
--------
      1
(1 row)

SELECT * FROM ODBCTablesList('hive_fdw', 1);
 schema  |      name       
---------+-----------------
 default | hive_test_table
(1 row)

SELECT * FROM ODBCTableSize('hive_fdw', 'hive_test_table');
 odbctablesize 
---------------
             1
(1 row)

SELECT * FROM ODBCQuerySize('hive_fdw', 'select * from hive_test_table');
 odbcquerysize 
---------------
             1
(1 row)

