SELECT * FROM sqlserver_test_table;
 id | name 
----+------
  1 | aaaa
(1 row)

SELECT * FROM ODBCTablesList('sqlserver_fdw', 1);
  schema   |         name         
-----------+----------------------
 fdw_tests | sqlserver_test_table
(1 row)

